\BOOKMARK [0][-]{chapter*.1}{\376\377\000R\000e\000s\000u\000m\000e\000n}{}% 1
\BOOKMARK [0][-]{chapter*.2}{\376\377\000G\000l\000o\000s\000a\000r\000i\000o}{}% 2
\BOOKMARK [0][-]{chapter.1}{\376\377\000P\000l\000a\000n\000t\000e\000a\000m\000i\000e\000n\000t\000o\000\040\000d\000e\000l\000\040\000P\000r\000o\000b\000l\000e\000m\000a\000\040\000y\000\040\000J\000u\000s\000t\000i\000f\000i\000c\000a\000c\000i\000\363\000n}{}% 3
\BOOKMARK [1][-]{section.1.1}{\376\377\000C\000o\000n\000t\000e\000x\000t\000o\000\040\000d\000e\000l\000\040\000s\000e\000c\000t\000o\000r}{chapter.1}% 4
\BOOKMARK [1][-]{section.1.2}{\376\377\000N\000e\000c\000e\000s\000i\000d\000a\000d\000e\000s\000\040\000i\000d\000e\000n\000t\000i\000f\000i\000c\000a\000d\000a\000s}{chapter.1}% 5
\BOOKMARK [2][-]{subsection.1.2.1}{\376\377\000A\000u\000s\000e\000n\000c\000i\000a\000\040\000d\000e\000\040\000p\000l\000a\000t\000a\000f\000o\000r\000m\000a\000\040\000e\000s\000p\000e\000c\000i\000a\000l\000i\000z\000a\000d\000a}{section.1.2}% 6
\BOOKMARK [2][-]{subsection.1.2.2}{\376\377\000D\000i\000f\000i\000c\000u\000l\000t\000a\000d\000\040\000e\000n\000\040\000l\000a\000\040\000b\000\372\000s\000q\000u\000e\000d\000a\000\040\000d\000e\000\040\000p\000r\000\341\000c\000t\000i\000c\000a\000s\000\040\000y\000\040\000e\000m\000p\000l\000e\000o}{section.1.2}% 7
\BOOKMARK [2][-]{subsection.1.2.3}{\376\377\000F\000a\000l\000t\000a\000\040\000d\000e\000\040\000n\000e\000t\000w\000o\000r\000k\000i\000n\000g\000\040\000s\000e\000c\000t\000o\000r\000i\000a\000l}{section.1.2}% 8
\BOOKMARK [2][-]{subsection.1.2.4}{\376\377\000C\000o\000m\000u\000n\000i\000c\000a\000c\000i\000\363\000n\000\040\000f\000r\000a\000g\000m\000e\000n\000t\000a\000d\000a\000\040\000e\000n\000t\000r\000e\000\040\000a\000c\000t\000o\000r\000e\000s}{section.1.2}% 9
\BOOKMARK [1][-]{section.1.3}{\376\377\000A\000n\000\341\000l\000i\000s\000i\000s\000\040\000d\000e\000\040\000s\000o\000l\000u\000c\000i\000o\000n\000e\000s\000\040\000e\000x\000i\000s\000t\000e\000n\000t\000e\000s}{chapter.1}% 10
\BOOKMARK [2][-]{subsection.1.3.1}{\376\377\000L\000i\000n\000k\000e\000d\000I\000n}{section.1.3}% 11
\BOOKMARK [2][-]{subsection.1.3.2}{\376\377\000P\000o\000r\000t\000a\000l\000e\000s\000\040\000d\000e\000\040\000e\000m\000p\000l\000e\000o\000\040\000g\000e\000n\000e\000r\000a\000l\000e\000s\000\040\000\050\000I\000n\000d\000e\000e\000d\000,\000\040\000I\000n\000f\000o\000j\000o\000b\000s\000\051}{section.1.3}% 12
\BOOKMARK [2][-]{subsection.1.3.3}{\376\377\000R\000e\000d\000e\000s\000\040\000s\000o\000c\000i\000a\000l\000e\000s\000\040\000g\000e\000n\000\351\000r\000i\000c\000a\000s}{section.1.3}% 13
\BOOKMARK [1][-]{section.1.4}{\376\377\000P\000r\000o\000p\000u\000e\000s\000t\000a\000\040\000d\000e\000\040\000v\000a\000l\000o\000r\000\040\000d\000e\000\040\000F\000P\000C\000o\000n\000n\000e\000c\000t}{chapter.1}% 14
\BOOKMARK [0][-]{chapter.2}{\376\377\000F\000u\000n\000d\000a\000m\000e\000n\000t\000a\000c\000i\000\363\000n\000\040\000T\000e\000\363\000r\000i\000c\000a\000\040\000y\000\040\000E\000s\000t\000a\000d\000o\000\040\000d\000e\000l\000\040\000A\000r\000t\000e}{}% 15
\BOOKMARK [1][-]{section.2.1}{\376\377\000R\000e\000d\000e\000s\000\040\000s\000o\000c\000i\000a\000l\000e\000s\000\040\000p\000r\000o\000f\000e\000s\000i\000o\000n\000a\000l\000e\000s\000:\000\040\000b\000a\000s\000e\000s\000\040\000c\000o\000n\000c\000e\000p\000t\000u\000a\000l\000e\000s}{chapter.2}% 16
\BOOKMARK [1][-]{section.2.2}{\376\377\000A\000r\000q\000u\000i\000t\000e\000c\000t\000u\000r\000a\000s\000\040\000w\000e\000b\000\040\000m\000o\000d\000e\000r\000n\000a\000s}{chapter.2}% 17
\BOOKMARK [2][-]{subsection.2.2.1}{\376\377\000E\000v\000o\000l\000u\000c\000i\000\363\000n\000\040\000d\000e\000\040\000l\000o\000s\000\040\000f\000r\000a\000m\000e\000w\000o\000r\000k\000s\000\040\000f\000r\000o\000n\000t\000e\000n\000d}{section.2.2}% 18
\BOOKMARK [2][-]{subsection.2.2.2}{\376\377\000A\000r\000q\000u\000i\000t\000e\000c\000t\000u\000r\000a\000\040\000R\000E\000S\000T\000\040\000y\000\040\000A\000P\000I\000s}{section.2.2}% 19
\BOOKMARK [2][-]{subsection.2.2.3}{\376\377\000C\000o\000m\000u\000n\000i\000c\000a\000c\000i\000\363\000n\000\040\000e\000n\000\040\000t\000i\000e\000m\000p\000o\000\040\000r\000e\000a\000l\000:\000\040\000W\000e\000b\000S\000o\000c\000k\000e\000t\000s}{section.2.2}% 20
\BOOKMARK [1][-]{section.2.3}{\376\377\000S\000e\000g\000u\000r\000i\000d\000a\000d\000\040\000e\000n\000\040\000a\000p\000l\000i\000c\000a\000c\000i\000o\000n\000e\000s\000\040\000w\000e\000b}{chapter.2}% 21
\BOOKMARK [2][-]{subsection.2.3.1}{\376\377\000O\000W\000A\000S\000P\000\040\000T\000o\000p\000\040\0001\0000}{section.2.3}% 22
\BOOKMARK [2][-]{subsection.2.3.2}{\376\377\000A\000u\000t\000e\000n\000t\000i\000c\000a\000c\000i\000\363\000n\000\040\000b\000a\000s\000a\000d\000a\000\040\000e\000n\000\040\000t\000o\000k\000e\000n\000s\000:\000\040\000J\000W\000T}{section.2.3}% 23
\BOOKMARK [2][-]{subsection.2.3.3}{\376\377\000A\000l\000m\000a\000c\000e\000n\000a\000m\000i\000e\000n\000t\000o\000\040\000s\000e\000g\000u\000r\000o\000\040\000d\000e\000\040\000c\000o\000n\000t\000r\000a\000s\000e\000\361\000a\000s}{section.2.3}% 24
\BOOKMARK [1][-]{section.2.4}{\376\377\000B\000a\000s\000e\000s\000\040\000d\000e\000\040\000d\000a\000t\000o\000s\000\040\000r\000e\000l\000a\000c\000i\000o\000n\000a\000l\000e\000s\000\040\000y\000\040\000O\000R\000M}{chapter.2}% 25
\BOOKMARK [1][-]{section.2.5}{\376\377\000M\000e\000t\000o\000d\000o\000l\000o\000g\000\355\000a\000s\000\040\000d\000e\000\040\000d\000e\000s\000a\000r\000r\000o\000l\000l\000o\000\040\000\341\000g\000i\000l}{chapter.2}% 26
\BOOKMARK [0][-]{chapter.3}{\376\377\000O\000b\000j\000e\000t\000i\000v\000o\000s}{}% 27
\BOOKMARK [1][-]{section.3.1}{\376\377\000O\000b\000j\000e\000t\000i\000v\000o\000\040\000p\000r\000i\000n\000c\000i\000p\000a\000l}{chapter.3}% 28
\BOOKMARK [1][-]{section.3.2}{\376\377\000O\000b\000j\000e\000t\000i\000v\000o\000s\000\040\000e\000s\000p\000e\000c\000\355\000f\000i\000c\000o\000s}{chapter.3}% 29
\BOOKMARK [0][-]{chapter.4}{\376\377\000M\000e\000t\000o\000d\000o\000l\000o\000g\000\355\000a}{}% 30
\BOOKMARK [1][-]{section.4.1}{\376\377\000E\000n\000f\000o\000q\000u\000e\000\040\000m\000e\000t\000o\000d\000o\000l\000\363\000g\000i\000c\000o}{chapter.4}% 31
\BOOKMARK [1][-]{section.4.2}{\376\377\000F\000a\000s\000e\000s\000\040\000d\000e\000l\000\040\000p\000r\000o\000y\000e\000c\000t\000o}{chapter.4}% 32
\BOOKMARK [2][-]{subsection.4.2.1}{\376\377\000F\000a\000s\000e\000\040\0001\000:\000\040\000A\000n\000\341\000l\000i\000s\000i\000s\000\040\000y\000\040\000d\000i\000s\000e\000\361\000o\000\040\000\050\000s\000e\000m\000a\000n\000a\000s\000\040\0001\040\023\0002\000\051}{section.4.2}% 33
\BOOKMARK [2][-]{subsection.4.2.2}{\376\377\000F\000a\000s\000e\000\040\0002\000:\000\040\000C\000o\000n\000f\000i\000g\000u\000r\000a\000c\000i\000\363\000n\000\040\000d\000e\000l\000\040\000e\000n\000t\000o\000r\000n\000o\000\040\000\050\000s\000e\000m\000a\000n\000a\000\040\0003\000\051}{section.4.2}% 34
\BOOKMARK [2][-]{subsection.4.2.3}{\376\377\000F\000a\000s\000e\000\040\0003\000:\000\040\000D\000e\000s\000a\000r\000r\000o\000l\000l\000o\000\040\000d\000e\000l\000\040\000b\000a\000c\000k\000e\000n\000d\000\040\000\050\000s\000e\000m\000a\000n\000a\000s\000\040\0004\040\023\0006\000\051}{section.4.2}% 35
\BOOKMARK [2][-]{subsection.4.2.4}{\376\377\000F\000a\000s\000e\000\040\0004\000:\000\040\000D\000e\000s\000a\000r\000r\000o\000l\000l\000o\000\040\000d\000e\000l\000\040\000f\000r\000o\000n\000t\000e\000n\000d\000\040\000\050\000s\000e\000m\000a\000n\000a\000s\000\040\0007\040\023\0009\000\051}{section.4.2}% 36
\BOOKMARK [2][-]{subsection.4.2.5}{\376\377\000F\000a\000s\000e\000\040\0005\000:\000\040\000T\000e\000s\000t\000i\000n\000g\000\040\000y\000\040\000v\000a\000l\000i\000d\000a\000c\000i\000\363\000n\000\040\000\050\000s\000e\000m\000a\000n\000a\000\040\0001\0000\000\051}{section.4.2}% 37
\BOOKMARK [2][-]{subsection.4.2.6}{\376\377\000F\000a\000s\000e\000\040\0006\000:\000\040\000D\000o\000c\000u\000m\000e\000n\000t\000a\000c\000i\000\363\000n\000\040\000y\000\040\000d\000e\000s\000p\000l\000i\000e\000g\000u\000e\000\040\000\050\000s\000e\000m\000a\000n\000a\000s\000\040\0001\0000\040\023\0001\0001\000\051}{section.4.2}% 38
\BOOKMARK [1][-]{section.4.3}{\376\377\000H\000e\000r\000r\000a\000m\000i\000e\000n\000t\000a\000s\000\040\000u\000t\000i\000l\000i\000z\000a\000d\000a\000s}{chapter.4}% 39
\BOOKMARK [1][-]{section.4.4}{\376\377\000D\000i\000s\000t\000r\000i\000b\000u\000c\000i\000\363\000n\000\040\000t\000e\000m\000p\000o\000r\000a\000l}{chapter.4}% 40
\BOOKMARK [1][-]{section.4.5}{\376\377\000E\000v\000a\000l\000u\000a\000c\000i\000\363\000n\000\040\000d\000e\000\040\000c\000o\000s\000t\000e\000s}{chapter.4}% 41
\BOOKMARK [2][-]{subsection.4.5.1}{\376\377\000R\000e\000c\000u\000r\000s\000o\000s\000\040\000h\000u\000m\000a\000n\000o\000s}{section.4.5}% 42
\BOOKMARK [2][-]{subsection.4.5.2}{\376\377\000T\000e\000c\000n\000o\000l\000o\000g\000\355\000a\000s}{section.4.5}% 43
\BOOKMARK [2][-]{subsection.4.5.3}{\376\377\000I\000n\000f\000r\000a\000e\000s\000t\000r\000u\000c\000t\000u\000r\000a\000\040\000e\000n\000\040\000p\000r\000o\000d\000u\000c\000c\000i\000\363\000n}{section.4.5}% 44
\BOOKMARK [0][-]{chapter.5}{\376\377\000R\000e\000s\000u\000l\000t\000a\000d\000o\000s}{}% 45
\BOOKMARK [1][-]{section.5.1}{\376\377\000A\000r\000q\000u\000i\000t\000e\000c\000t\000u\000r\000a\000\040\000d\000e\000l\000\040\000s\000i\000s\000t\000e\000m\000a}{chapter.5}% 46
\BOOKMARK [1][-]{section.5.2}{\376\377\000E\000s\000t\000r\000u\000c\000t\000u\000r\000a\000\040\000r\000e\000a\000l\000\040\000d\000e\000l\000\040\000p\000r\000o\000y\000e\000c\000t\000o}{chapter.5}% 47
\BOOKMARK [1][-]{section.5.3}{\376\377\000C\000o\000r\000r\000e\000c\000c\000i\000o\000n\000e\000s\000\040\000r\000e\000s\000p\000e\000c\000t\000o\000\040\000a\000\040\000l\000a\000\040\000p\000l\000a\000n\000i\000f\000i\000c\000a\000c\000i\000\363\000n\000\040\000i\000n\000i\000c\000i\000a\000l}{chapter.5}% 48
\BOOKMARK [1][-]{section.5.4}{\376\377\000M\000o\000d\000e\000l\000o\000\040\000d\000e\000\040\000d\000a\000t\000o\000s}{chapter.5}% 49
\BOOKMARK [2][-]{subsection.5.4.1}{\376\377\000S\000c\000h\000e\000m\000a\000\040\000d\000e\000\040\000P\000r\000i\000s\000m\000a}{section.5.4}% 50
\BOOKMARK [2][-]{subsection.5.4.2}{\376\377\000R\000e\000l\000a\000c\000i\000o\000n\000e\000s\000\040\000e\000n\000t\000r\000e\000\040\000e\000n\000t\000i\000d\000a\000d\000e\000s}{section.5.4}% 51
\BOOKMARK [1][-]{section.5.5}{\376\377\000I\000m\000p\000l\000e\000m\000e\000n\000t\000a\000c\000i\000\363\000n\000\040\000d\000e\000l\000\040\000b\000a\000c\000k\000e\000n\000d}{chapter.5}% 52
\BOOKMARK [2][-]{subsection.5.5.1}{\376\377\000P\000u\000n\000t\000o\000\040\000d\000e\000\040\000e\000n\000t\000r\000a\000d\000a\000\040\000d\000e\000l\000\040\000s\000e\000r\000v\000i\000d\000o\000r}{section.5.5}% 53
\BOOKMARK [2][-]{subsection.5.5.2}{\376\377\000C\000o\000n\000f\000i\000g\000u\000r\000a\000c\000i\000\363\000n\000\040\000d\000e\000\040\000P\000r\000i\000s\000m\000a\000\040\000c\000o\000m\000o\000\040\000s\000i\000n\000g\000l\000e\000t\000o\000n}{section.5.5}% 54
\BOOKMARK [2][-]{subsection.5.5.3}{\376\377\000M\000i\000d\000d\000l\000e\000w\000a\000r\000e\000\040\000d\000e\000\040\000a\000u\000t\000e\000n\000t\000i\000c\000a\000c\000i\000\363\000n\000\040\000J\000W\000T}{section.5.5}% 55
\BOOKMARK [2][-]{subsection.5.5.4}{\376\377\000M\000a\000n\000e\000j\000o\000\040\000c\000e\000n\000t\000r\000a\000l\000i\000z\000a\000d\000o\000\040\000d\000e\000\040\000e\000r\000r\000o\000r\000e\000s}{section.5.5}% 56
\BOOKMARK [2][-]{subsection.5.5.5}{\376\377\000U\000t\000i\000l\000i\000d\000a\000d\000\040\000r\000e\000s\000p\000o\000n\000s\000e\000H\000a\000n\000d\000l\000e\000r}{section.5.5}% 57
\BOOKMARK [2][-]{subsection.5.5.6}{\376\377\000C\000o\000n\000t\000r\000o\000l\000a\000d\000o\000r\000\040\000d\000e\000\040\000a\000u\000t\000e\000n\000t\000i\000c\000a\000c\000i\000\363\000n}{section.5.5}% 58
\BOOKMARK [2][-]{subsection.5.5.7}{\376\377\000S\000o\000c\000k\000e\000t\000.\000i\000o\000\040\040\023\000\040\000m\000e\000n\000s\000a\000j\000e\000r\000\355\000a\000\040\000e\000n\000\040\000t\000i\000e\000m\000p\000o\000\040\000r\000e\000a\000l}{section.5.5}% 59
\BOOKMARK [1][-]{section.5.6}{\376\377\000I\000m\000p\000l\000e\000m\000e\000n\000t\000a\000c\000i\000\363\000n\000\040\000d\000e\000l\000\040\000f\000r\000o\000n\000t\000e\000n\000d}{chapter.5}% 60
\BOOKMARK [2][-]{subsection.5.6.1}{\376\377\000C\000l\000i\000e\000n\000t\000e\000\040\000H\000T\000T\000P\000\040\000c\000o\000n\000\040\000i\000n\000t\000e\000r\000c\000e\000p\000t\000o\000r\000e\000s}{section.5.6}% 61
\BOOKMARK [2][-]{subsection.5.6.2}{\376\377\000E\000s\000t\000a\000d\000o\000\040\000g\000l\000o\000b\000a\000l\000\040\000c\000o\000n\000\040\000Z\000u\000s\000t\000a\000n\000d}{section.5.6}% 62
\BOOKMARK [2][-]{subsection.5.6.3}{\376\377\000E\000n\000r\000u\000t\000a\000m\000i\000e\000n\000t\000o\000\040\000p\000r\000o\000t\000e\000g\000i\000d\000o\000\040\000p\000o\000r\000\040\000r\000o\000l}{section.5.6}% 63
\BOOKMARK [1][-]{section.5.7}{\376\377\000S\000e\000g\000u\000r\000i\000d\000a\000d}{chapter.5}% 64
\BOOKMARK [2][-]{subsection.5.7.1}{\376\377\000C\000a\000b\000e\000c\000e\000r\000a\000s\000\040\000H\000T\000T\000P\000\040\000y\000\040\000C\000O\000R\000S}{section.5.7}% 65
\BOOKMARK [2][-]{subsection.5.7.2}{\376\377\000I\000n\000y\000e\000c\000c\000i\000\363\000n\000\040\000S\000Q\000L}{section.5.7}% 66
\BOOKMARK [2][-]{subsection.5.7.3}{\376\377\000X\000S\000S}{section.5.7}% 67
\BOOKMARK [2][-]{subsection.5.7.4}{\376\377\000R\000a\000t\000e\000\040\000l\000i\000m\000i\000t\000i\000n\000g}{section.5.7}% 68
\BOOKMARK [2][-]{subsection.5.7.5}{\376\377\000G\000e\000s\000t\000i\000\363\000n\000\040\000d\000e\000\040\000s\000e\000c\000r\000e\000t\000o\000s}{section.5.7}% 69
\BOOKMARK [1][-]{section.5.8}{\376\377\000T\000e\000s\000t\000i\000n\000g}{chapter.5}% 70
\BOOKMARK [2][-]{subsection.5.8.1}{\376\377\000E\000s\000t\000r\000u\000c\000t\000u\000r\000a\000\040\000d\000e\000\040\000t\000e\000s\000t\000s}{section.5.8}% 71
\BOOKMARK [2][-]{subsection.5.8.2}{\376\377\000R\000e\000s\000u\000l\000t\000a\000d\000o\000s}{section.5.8}% 72
\BOOKMARK [2][-]{subsection.5.8.3}{\376\377\000P\000r\000u\000e\000b\000a\000s\000\040\000d\000e\000\040\000r\000e\000n\000d\000i\000m\000i\000e\000n\000t\000o}{section.5.8}% 73
\BOOKMARK [2][-]{subsection.5.8.4}{\376\377\000P\000r\000u\000e\000b\000a\000s\000\040\000d\000e\000\040\000u\000s\000a\000b\000i\000l\000i\000d\000a\000d}{section.5.8}% 74
\BOOKMARK [1][-]{section.5.9}{\376\377\000D\000e\000s\000p\000l\000i\000e\000g\000u\000e\000\040\000e\000\040\000i\000n\000f\000r\000a\000e\000s\000t\000r\000u\000c\000t\000u\000r\000a}{chapter.5}% 75
\BOOKMARK [2][-]{subsection.5.9.1}{\376\377\000E\000n\000t\000o\000r\000n\000o\000\040\000d\000e\000\040\000d\000e\000s\000a\000r\000r\000o\000l\000l\000o\000\040\000c\000o\000n\000\040\000D\000o\000c\000k\000e\000r}{section.5.9}% 76
\BOOKMARK [2][-]{subsection.5.9.2}{\376\377\000P\000i\000p\000e\000l\000i\000n\000e\000\040\000d\000e\000\040\000C\000I\000/\000C\000D\000\040\000c\000o\000n\000\040\000G\000i\000t\000H\000u\000b\000\040\000A\000c\000t\000i\000o\000n\000s}{section.5.9}% 77
\BOOKMARK [0][-]{chapter.6}{\376\377\000C\000o\000n\000c\000l\000u\000s\000i\000o\000n\000e\000s}{}% 78
\BOOKMARK [1][-]{section.6.1}{\376\377\000G\000r\000a\000d\000o\000\040\000d\000e\000\040\000c\000o\000n\000s\000e\000c\000u\000c\000i\000\363\000n\000\040\000d\000e\000\040\000o\000b\000j\000e\000t\000i\000v\000o\000s}{chapter.6}% 79
\BOOKMARK [1][-]{section.6.2}{\376\377\000L\000i\000m\000i\000t\000a\000c\000i\000o\000n\000e\000s}{chapter.6}% 80
\BOOKMARK [1][-]{section.6.3}{\376\377\000F\000u\000t\000u\000r\000a\000s\000\040\000l\000\355\000n\000e\000a\000s\000\040\000d\000e\000\040\000t\000r\000a\000b\000a\000j\000o}{chapter.6}% 81
\BOOKMARK [2][-]{subsection.6.3.1}{\376\377\000C\000o\000r\000t\000o\000\040\000p\000l\000a\000z\000o\000\040\000\050\0001\040\023\0002\000\040\000m\000e\000s\000e\000s\000\051}{section.6.3}% 82
\BOOKMARK [2][-]{subsection.6.3.2}{\376\377\000M\000e\000d\000i\000o\000\040\000p\000l\000a\000z\000o\000\040\000\050\0003\040\023\0006\000\040\000m\000e\000s\000e\000s\000\051}{section.6.3}% 83
\BOOKMARK [2][-]{subsection.6.3.3}{\376\377\000L\000a\000r\000g\000o\000\040\000p\000l\000a\000z\000o\000\040\000\050\0006\000+\000\040\000m\000e\000s\000e\000s\000\051}{section.6.3}% 84
\BOOKMARK [0][-]{appendix.Alph1}{\376\377\000A\000n\000e\000x\000o\000\040\000A\000:\000\040\000R\000e\000f\000e\000r\000e\000n\000c\000i\000a\000\040\000c\000o\000m\000p\000l\000e\000t\000a\000\040\000d\000e\000\040\000e\000n\000d\000p\000o\000i\000n\000t\000s\000\040\000d\000e\000\040\000l\000a\000\040\000A\000P\000I}{}% 85
\BOOKMARK [0][-]{appendix.Alph2}{\376\377\000A\000n\000e\000x\000o\000\040\000B\000:\000\040\000E\000j\000e\000m\000p\000l\000o\000\040\000d\000e\000\040\000u\000s\000o\000\040\000d\000e\000\040\000l\000a\000\040\000A\000P\000I\000\040\000c\000o\000n\000\040\000c\000u\000r\000l}{}% 86
\BOOKMARK [0][-]{appendix*.4}{\376\377\000C\000o\000n\000c\000l\000u\000s\000i\000o\000n\000e\000s\000\040\000y\000\040\000L\000\355\000n\000e\000a\000s\000\040\000F\000u\000t\000u\000r\000a\000s}{}% 87
\BOOKMARK [0][-]{appendix.Alph1}{\376\377\000G\000u\000\355\000a\000\040\000d\000e\000\040\000I\000n\000s\000t\000a\000l\000a\000c\000i\000\363\000n\000\040\000y\000\040\000C\000o\000n\000f\000i\000g\000u\000r\000a\000c\000i\000\363\000n}{}% 88
\BOOKMARK [1][-]{section.Alph1.1}{\376\377\000R\000e\000q\000u\000i\000s\000i\000t\000o\000s\000\040\000d\000e\000l\000\040\000S\000i\000s\000t\000e\000m\000a}{appendix.Alph1}% 89
\BOOKMARK [1][-]{section.Alph1.2}{\376\377\000I\000n\000s\000t\000a\000l\000a\000c\000i\000\363\000n\000\040\000R\000\341\000p\000i\000d\000a\000\040\000c\000o\000n\000\040\000D\000o\000c\000k\000e\000r}{appendix.Alph1}% 90
\BOOKMARK [2][-]{subsection.Alph1.2.1}{\376\377\0001\000.\000\040\000C\000l\000o\000n\000a\000r\000\040\000e\000l\000\040\000R\000e\000p\000o\000s\000i\000t\000o\000r\000i\000o}{section.Alph1.2}% 91
\BOOKMARK [2][-]{subsection.Alph1.2.2}{\376\377\0002\000.\000\040\000C\000o\000n\000f\000i\000g\000u\000r\000a\000r\000\040\000V\000a\000r\000i\000a\000b\000l\000e\000s\000\040\000d\000e\000\040\000E\000n\000t\000o\000r\000n\000o}{section.Alph1.2}% 92
\BOOKMARK [2][-]{subsection.Alph1.2.3}{\376\377\0003\000.\000\040\000I\000n\000i\000c\000i\000a\000r\000\040\000c\000o\000n\000\040\000D\000o\000c\000k\000e\000r\000\040\000C\000o\000m\000p\000o\000s\000e}{section.Alph1.2}% 93
\BOOKMARK [2][-]{subsection.Alph1.2.4}{\376\377\0004\000.\000\040\000E\000j\000e\000c\000u\000t\000a\000r\000\040\000M\000i\000g\000r\000a\000c\000i\000o\000n\000e\000s}{section.Alph1.2}% 94
\BOOKMARK [2][-]{subsection.Alph1.2.5}{\376\377\0005\000.\000\040\000A\000c\000c\000e\000d\000e\000r\000\040\000a\000\040\000l\000a\000\040\000A\000p\000l\000i\000c\000a\000c\000i\000\363\000n}{section.Alph1.2}% 95
\BOOKMARK [1][-]{section.Alph1.3}{\376\377\000I\000n\000s\000t\000a\000l\000a\000c\000i\000\363\000n\000\040\000M\000a\000n\000u\000a\000l\000\040\000s\000i\000n\000\040\000D\000o\000c\000k\000e\000r}{appendix.Alph1}% 96
\BOOKMARK [2][-]{subsection.Alph1.3.1}{\376\377\000B\000a\000c\000k\000e\000n\000d\000\040\000-\000\040\000N\000o\000d\000e\000.\000j\000s}{section.Alph1.3}% 97
\BOOKMARK [2][-]{subsection.Alph1.3.2}{\376\377\000F\000r\000o\000n\000t\000e\000n\000d\000\040\000-\000\040\000R\000e\000a\000c\000t}{section.Alph1.3}% 98
\BOOKMARK [1][-]{section.Alph1.4}{\376\377\000C\000o\000n\000f\000i\000g\000u\000r\000a\000c\000i\000\363\000n\000\040\000d\000e\000\040\000B\000a\000s\000e\000\040\000d\000e\000\040\000D\000a\000t\000o\000s}{appendix.Alph1}% 99
\BOOKMARK [2][-]{subsection.Alph1.4.1}{\376\377\000C\000r\000e\000a\000r\000\040\000U\000s\000u\000a\000r\000i\000o\000\040\000d\000e\000\040\000P\000o\000s\000t\000g\000r\000e\000S\000Q\000L}{section.Alph1.4}% 100
\BOOKMARK [2][-]{subsection.Alph1.4.2}{\376\377\000V\000e\000r\000i\000f\000i\000c\000a\000r\000\040\000C\000o\000n\000e\000x\000i\000\363\000n}{section.Alph1.4}% 101
\BOOKMARK [0][-]{appendix.Alph2}{\376\377\000G\000u\000\355\000a\000\040\000d\000e\000l\000\040\000D\000e\000s\000a\000r\000r\000o\000l\000l\000a\000d\000o\000r}{}% 102
\BOOKMARK [1][-]{section.Alph2.1}{\376\377\000E\000s\000t\000r\000u\000c\000t\000u\000r\000a\000\040\000d\000e\000\040\000C\000a\000r\000p\000e\000t\000a\000s\000\040\000C\000o\000m\000p\000l\000e\000t\000a}{appendix.Alph2}% 103
\BOOKMARK [1][-]{section.Alph2.2}{\376\377\000F\000l\000u\000j\000o\000\040\000d\000e\000\040\000D\000e\000s\000a\000r\000r\000o\000l\000l\000o\000\040\000T\000\355\000p\000i\000c\000o}{appendix.Alph2}% 104
\BOOKMARK [2][-]{subsection.Alph2.2.1}{\376\377\000C\000r\000e\000a\000r\000\040\000u\000n\000a\000\040\000N\000u\000e\000v\000a\000\040\000F\000u\000n\000c\000i\000o\000n\000a\000l\000i\000d\000a\000d}{section.Alph2.2}% 105
\BOOKMARK [1][-]{section.Alph2.3}{\376\377\000C\000o\000n\000v\000e\000n\000c\000i\000o\000n\000e\000s\000\040\000d\000e\000\040\000C\000\363\000d\000i\000g\000o}{appendix.Alph2}% 106
\BOOKMARK [2][-]{subsection.Alph2.3.1}{\376\377\000N\000o\000m\000b\000r\000e\000s\000\040\000d\000e\000\040\000V\000a\000r\000i\000a\000b\000l\000e\000s\000\040\000y\000\040\000F\000u\000n\000c\000i\000o\000n\000e\000s}{section.Alph2.3}% 107
\BOOKMARK [2][-]{subsection.Alph2.3.2}{\376\377\000C\000o\000m\000m\000i\000t\000s\000\040\000y\000\040\000M\000e\000n\000s\000a\000j\000e\000s}{section.Alph2.3}% 108
\BOOKMARK [1][-]{section.Alph2.4}{\376\377\000D\000e\000b\000u\000g\000g\000i\000n\000g\000\040\000y\000\040\000T\000r\000o\000u\000b\000l\000e\000s\000h\000o\000o\000t\000i\000n\000g}{appendix.Alph2}% 109
\BOOKMARK [2][-]{subsection.Alph2.4.1}{\376\377\000P\000r\000o\000b\000l\000e\000m\000a\000s\000\040\000C\000o\000m\000u\000n\000e\000s}{section.Alph2.4}% 110
\BOOKMARK [0][-]{appendix.Alph3}{\376\377\000A\000n\000\341\000l\000i\000s\000i\000s\000\040\000d\000e\000\040\000R\000e\000n\000d\000i\000m\000i\000e\000n\000t\000o\000\040\000y\000\040\000E\000s\000c\000a\000l\000a\000b\000i\000l\000i\000d\000a\000d}{}% 111
\BOOKMARK [1][-]{section.Alph3.1}{\376\377\000M\000\351\000t\000r\000i\000c\000a\000s\000\040\000d\000e\000\040\000R\000e\000n\000d\000i\000m\000i\000e\000n\000t\000o\000\040\000A\000c\000t\000u\000a\000l\000e\000s}{appendix.Alph3}% 112
\BOOKMARK [2][-]{subsection.Alph3.1.1}{\376\377\000T\000i\000e\000m\000p\000o\000s\000\040\000d\000e\000\040\000R\000e\000s\000p\000u\000e\000s\000t\000a}{section.Alph3.1}% 113
\BOOKMARK [2][-]{subsection.Alph3.1.2}{\376\377\000T\000a\000m\000a\000\361\000o\000\040\000d\000e\000\040\000B\000a\000s\000e\000\040\000d\000e\000\040\000D\000a\000t\000o\000s}{section.Alph3.1}% 114
\BOOKMARK [1][-]{section.Alph3.2}{\376\377\000O\000p\000t\000i\000m\000i\000z\000a\000c\000i\000o\000n\000e\000s\000\040\000I\000m\000p\000l\000e\000m\000e\000n\000t\000a\000d\000a\000s}{appendix.Alph3}% 115
\BOOKMARK [2][-]{subsection.Alph3.2.1}{\376\377\000B\000a\000s\000e\000\040\000d\000e\000\040\000D\000a\000t\000o\000s}{section.Alph3.2}% 116
\BOOKMARK [2][-]{subsection.Alph3.2.2}{\376\377\000F\000r\000o\000n\000t\000e\000n\000d}{section.Alph3.2}% 117
\BOOKMARK [2][-]{subsection.Alph3.2.3}{\376\377\000B\000a\000c\000k\000e\000n\000d}{section.Alph3.2}% 118
\BOOKMARK [1][-]{section.Alph3.3}{\376\377\000P\000l\000a\000n\000\040\000d\000e\000\040\000E\000s\000c\000a\000l\000a\000b\000i\000l\000i\000d\000a\000d}{appendix.Alph3}% 119
\BOOKMARK [2][-]{subsection.Alph3.3.1}{\376\377\000E\000s\000c\000a\000l\000a\000d\000o\000\040\000V\000e\000r\000t\000i\000c\000a\000l}{section.Alph3.3}% 120
\BOOKMARK [2][-]{subsection.Alph3.3.2}{\376\377\000E\000s\000c\000a\000l\000a\000d\000o\000\040\000H\000o\000r\000i\000z\000o\000n\000t\000a\000l}{section.Alph3.3}% 121
\BOOKMARK [1][-]{section.Alph3.4}{\376\377\000S\000t\000r\000e\000s\000s\000\040\000T\000e\000s\000t\000i\000n\000g}{appendix.Alph3}% 122
\BOOKMARK [0][-]{appendix.Alph4}{\376\377\000S\000e\000g\000u\000r\000i\000d\000a\000d\000\040\000-\000\040\000I\000m\000p\000l\000e\000m\000e\000n\000t\000a\000c\000i\000\363\000n\000\040\000D\000e\000t\000a\000l\000l\000a\000d\000a}{}% 123
\BOOKMARK [1][-]{section.Alph4.1}{\376\377\000G\000e\000s\000t\000i\000\363\000n\000\040\000d\000e\000\040\000C\000o\000n\000t\000r\000a\000s\000e\000\361\000a\000s}{appendix.Alph4}% 124
\BOOKMARK [2][-]{subsection.Alph4.1.1}{\376\377\000H\000a\000s\000h\000i\000n\000g\000\040\000c\000o\000n\000\040\000b\000c\000r\000y\000p\000t}{section.Alph4.1}% 125
\BOOKMARK [2][-]{subsection.Alph4.1.2}{\376\377\000V\000a\000l\000i\000d\000a\000c\000i\000\363\000n\000\040\000d\000e\000\040\000C\000o\000n\000t\000r\000a\000s\000e\000\361\000a\000s}{section.Alph4.1}% 126
\BOOKMARK [1][-]{section.Alph4.2}{\376\377\000A\000u\000t\000e\000n\000t\000i\000c\000a\000c\000i\000\363\000n\000\040\000c\000o\000n\000\040\000J\000W\000T}{appendix.Alph4}% 127
\BOOKMARK [2][-]{subsection.Alph4.2.1}{\376\377\000G\000e\000n\000e\000r\000a\000c\000i\000\363\000n\000\040\000d\000e\000\040\000T\000o\000k\000e\000n\000s}{section.Alph4.2}% 128
\BOOKMARK [2][-]{subsection.Alph4.2.2}{\376\377\000R\000e\000f\000r\000e\000s\000h\000\040\000T\000o\000k\000e\000n\000s}{section.Alph4.2}% 129
\BOOKMARK [1][-]{section.Alph4.3}{\376\377\000P\000r\000o\000t\000e\000c\000c\000i\000\363\000n\000\040\000c\000o\000n\000t\000r\000a\000\040\000A\000t\000a\000q\000u\000e\000s\000\040\000C\000o\000m\000u\000n\000e\000s}{appendix.Alph4}% 130
\BOOKMARK [2][-]{subsection.Alph4.3.1}{\376\377\000S\000Q\000L\000\040\000I\000n\000j\000e\000c\000t\000i\000o\000n}{section.Alph4.3}% 131
\BOOKMARK [2][-]{subsection.Alph4.3.2}{\376\377\000X\000S\000S\000\040\000\050\000C\000r\000o\000s\000s\000-\000S\000i\000t\000e\000\040\000S\000c\000r\000i\000p\000t\000i\000n\000g\000\051}{section.Alph4.3}% 132
\BOOKMARK [2][-]{subsection.Alph4.3.3}{\376\377\000C\000S\000R\000F\000\040\000\050\000C\000r\000o\000s\000s\000-\000S\000i\000t\000e\000\040\000R\000e\000q\000u\000e\000s\000t\000\040\000F\000o\000r\000g\000e\000r\000y\000\051}{section.Alph4.3}% 133
\BOOKMARK [2][-]{subsection.Alph4.3.4}{\376\377\000R\000a\000t\000e\000\040\000L\000i\000m\000i\000t\000i\000n\000g}{section.Alph4.3}% 134
\BOOKMARK [1][-]{section.Alph4.4}{\376\377\000H\000T\000T\000P\000S\000\040\000y\000\040\000C\000e\000r\000t\000i\000f\000i\000c\000a\000d\000o\000s}{appendix.Alph4}% 135
\BOOKMARK [2][-]{subsection.Alph4.4.1}{\376\377\000C\000o\000n\000f\000i\000g\000u\000r\000a\000c\000i\000\363\000n\000\040\000e\000n\000\040\000N\000g\000i\000n\000x}{section.Alph4.4}% 136
\BOOKMARK [1][-]{section.Alph4.5}{\376\377\000A\000u\000d\000i\000t\000o\000r\000\355\000a\000\040\000y\000\040\000L\000o\000g\000g\000i\000n\000g}{appendix.Alph4}% 137
\BOOKMARK [2][-]{subsection.Alph4.5.1}{\376\377\000E\000v\000e\000n\000t\000o\000s\000\040\000A\000u\000d\000i\000t\000a\000d\000o\000s}{section.Alph4.5}% 138
\BOOKMARK [2][-]{subsection.Alph4.5.2}{\376\377\000F\000o\000r\000m\000a\000t\000o\000\040\000d\000e\000\040\000L\000o\000g\000s}{section.Alph4.5}% 139
